// Jest Snapshot v1, https://goo.gl/fbAQLP

exports[`Проверка <SmallMovieCard> компонент <SmallMovieCard> корректно отрисован 1`] = `
<article
  className="small-movie-card catalog__movies-card"
  onMouseEnter={[Function]}
  onMouseLeave={[Function]}
>
  <div
    className="small-movie-card__image"
  >
    <video
      height={175}
      muted={true}
      poster="img/fantastic-beasts-the-crimes-of-grindelwald.jpg"
      src="https://upload.wikimedia.org/wikipedia/commons/transcoded/b/b3/Big_Buck_Bunny_Trailer_400p.ogv/Big_Buck_Bunny_Trailer_400p.ogv.360p.webm"
      width={280}
    />
  </div>
  <h3
    className="small-movie-card__title"
  >
    <a
      className="small-movie-card__link"
      href="movie-page.html"
      onClick={[MockFunction]}
    >
      Fantastic Beasts: The Crimes of Grindelwald
    </a>
  </h3>
</article>
`;
